
> wedding-equipment-rental@0.1.0 build
> vite build

The CJS build of Vite's Node API is deprecated. See https://vite.dev/guide/troubleshooting.html#vite-cjs-node-api-deprecated for more details.
[36mvite v5.4.21 [32mbuilding for production...[36m[39m
transforming...
[32mظ£ô[39m 20 modules transformed.
x Build failed in 1.98s
error during build:
[vite:esbuild] Transform failed with 3 errors:
G:/New folder (4)/src/pages/Home.tsx:58:6: ERROR: Unexpected closing "Layout" tag does not match opening "div" tag
G:/New folder (4)/src/pages/Home.tsx:60:0: ERROR: The character "}" is not valid inside a JSX element
G:/New folder (4)/src/pages/Home.tsx:69:0: ERROR: Unexpected end of file before a closing "section" tag
file: G:/New folder (4)/src/pages/Home.tsx:58:6

Unexpected closing "Layout" tag does not match opening "div" tag
56 |        {/* How it works */}
57 |        <HowItWorks />
58 |      </Layout>
   |        ^
59 |    );
60 |  };

The character "}" is not valid inside a JSX element
58 |      </Layout>
59 |    );
60 |  };
   |  ^
61 |  
62 |  export default Home;

Unexpected end of file before a closing "section" tag
67 |  
68 |  
69 |  
   |  ^

    at failureErrorWithLog (G:\New folder (4)\node_modules\esbuild\lib\main.js:1472:15)
    at G:\New folder (4)\node_modules\esbuild\lib\main.js:755:50
    at responseCallbacks.<computed> (G:\New folder (4)\node_modules\esbuild\lib\main.js:622:9)
    at handleIncomingPacket (G:\New folder (4)\node_modules\esbuild\lib\main.js:677:12)
    at Socket.readFromStdout (G:\New folder (4)\node_modules\esbuild\lib\main.js:600:7)
    at Socket.emit (node:events:509:28)
    at addChunk (node:internal/streams/readable:563:12)
    at readableAddChunkPushByteMode (node:internal/streams/readable:514:3)
    at Readable.push (node:internal/streams/readable:394:5)
    at Pipe.onStreamRead (node:internal/stream_base_commons:189:23)
